// Jest Snapshot v1, https://goo.gl/fbAQLP

exports[`quotes Query use case Test 1`] = `
Object {
  "data": Object {
    "quotes": Array [
      Object {
        "phrase": "If you can't explain it to a six year old, you don't understand it yourself.",
        "quoter": "Albert Einstein",
      },
    ],
  },
  "errors": undefined,
  "extensions": undefined,
  "http": Object {
    "headers": Headers {
      Symbol(map): Object {},
    },
  },
}
`;
